=== Dropship pipeline run: 2026-07-02 ===
[1/4] Running trend scanner...
=== Dropship pipeline run: 2026-07-03 ===
[1/4] Running trend scanner...
=== Dropship pipeline run: 2026-07-04 ===
[1/4] Running trend scanner...
Appended to scan-log.md
[2/4] Running feasibility screener...
Appended to feasibility-log.md
[3/4] Building plan(s)...
Appended to plans-log.md
[4/4] Running validator...
Appended to verdicts-log.md
=== Run complete ===
=== Dropship pipeline run: 2026-07-05 ===
[1/4] Running trend scanner...
Appended to scan-log.md
[2/4] Running feasibility screener...
Appended to feasibility-log.md
No candidates advanced today. Stopping here.
=== Dropship pipeline run: 2026-07-06 ===
[1/4] Running trend scanner...
Appended to scan-log.md
[2/4] Running feasibility screener...
Appended to feasibility-log.md
No candidates advanced today. Stopping here.
